// Jest Snapshot v1, https://goo.gl/fbAQLP

exports[`dayview consistently generates a sample morning svg 1`] = `
"<svg height="140" width="1000">
    <defs>
        <symbol id="warning-icon">
            <!-- Uploaded to: SVG Repo, www.svgrepo.com, Generator: SVG Repo Mixer Tools -->
            <svg xmlns="http://www.w3.org/2000/svg" fill="#ff0000" viewBox="0 0 24 24" id="warning-alt" data-name="Flat Line" class="icon flat-line">
                <path id="secondary" d="M10.25,4.19,2.63,18a2,2,0,0,0,1.75,3H19.62a2,2,0,0,0,1.75-3L13.75,4.19A2,2,0,0,0,10.25,4.19Z" style="fill: #ffff00; stroke-width: 2;"/>
                <line id="primary-upstroke" x1="12.05" y1="17" x2="11.95" y2="17" style="fill: none; stroke: #ff0000; stroke-linecap: round; stroke-linejoin: round; stroke-width: 2.5;"/>
                <path id="primary" d="M12,9v4M10.25,4.19,2.63,18a2,2,0,0,0,1.75,3H19.62a2,2,0,0,0,1.75-3L13.75,4.19A2,2,0,0,0,10.25,4.19Z" style="fill: none; stroke: #ff0000; stroke-linecap: round; stroke-linejoin: round; stroke-width: 2;"/>
            </svg>
        </symbol>
    </defs>
    <rect fill="black" height="100%" width="100%"/>
    <svg height="120" width="980" y="10" x="10" class="plot">
        <g transform="translate(70, 0)">
            <g transform="translate(0, 0)">
                <text text-anchor="end" fill="white" dy="0.35em" y="16.666666666666668" x="-0.5em">
                    Wed
                </text>
                <text text-anchor="end" fill="white" dy="0.35em" y="50" x="-0.5em">
                    Nov 20
                </text>
                <text text-anchor="end" fill="white" dy="0.35em" y="83.33333333333333" x="-0.5em">
                    2024
                </text>
            </g>
        </g>
        <svg x="70" height="100" width="910" class="dataArea">
            <svg y="0" class="day 2024-11-20">
                <svg class="timechunk">
                    <svg height="8" width="910" y="7.20959473773837" x="0" preserveAspectRatio="none" viewBox="0 0 910 8" class="text">
                        <rect fill="#06de5f" height="100%" width="18.95833355275846" y="0" x="328.6111149144805" class="text fiction_book block"/>
                    </svg>
                    <svg height="8" width="910" y="23.72283353842795" x="0" preserveAspectRatio="none" viewBox="0 0 910 8" class="project">
                        <rect fill="#a6d414" height="100%" width="18.95833355275846" y="0" x="328.6111149144805" class="project german block"/>
                    </svg>
                    <svg height="8" width="910" y="45.42104974761605" x="0" preserveAspectRatio="none" viewBox="0 0 910 8" class="stretch">
                        <rect fill="#7e8494" height="100%" width="4.423611162310351" y="0" x="360.20833750241127" class="stretch true block"/>
                        <rect fill="#7e8494" height="100%" width="5.055555614068965" y="0" x="383.5902822174801" class="stretch true block"/>
                    </svg>
                    <svg height="8" width="910" y="53.940528308972716" x="0" preserveAspectRatio="none" viewBox="0 0 910 8" class="pushup">
                        <circle fill="#9453e7" r="3.159722258793082" cy="4" cx="390.5416711868249" class="pushup true point"/>
                    </svg>
                    <svg height="8" width="910" y="60.52794650103897" x="0" preserveAspectRatio="none" viewBox="0 0 910 8" class="run">
                        <rect fill="#a53108" height="100%" width="18.95833355275846" y="0" x="364.6319486647216" class="run true block"/>
                    </svg>
                    <svg height="8" width="910" y="74.89816309325397" x="0" preserveAspectRatio="none" viewBox="0 0 910 8" class="sleep">
                        <rect fill="#c9fab3" height="100%" width="322.2916703968943" y="0" x="0" class="sleep true block"/>
                        <use field="sleep" class="sleep error" height="9.479166776379246" width="9.479166776379246" y="-0.7395833881896232" x="317.5520870087047" href="#warning-icon"/>
                    </svg>
                    <svg height="8" width="910" y="86.29078911989927" x="0" preserveAspectRatio="none" viewBox="0 0 910 8" class="caffeine">
                        <circle fill="#e724f8" r="3.159722258793082" cy="4" cx="417.0833381606868" class="caffeine true point"/>
                    </svg>
                    <svg height="8" width="910" y="87.01698424201459" x="0" preserveAspectRatio="none" viewBox="0 0 910 8" class="environment">
                        <rect fill="#c30163" height="100%" width="28.437500329137777" y="0" x="360.20833750241127" class="environment outside block"/>
                        <rect fill="#106a6c" height="100%" width="6.3194445175861915" y="0" x="388.64583783154904" class="environment home block"/>
                        <rect fill="#c30163" height="100%" width="3.1597222587930673" y="0" x="394.96528234913524" class="environment outside block"/>
                        <rect fill="#106a6c" height="100%" width="511.8749953920717" y="0" x="398.1250046079283" class="environment home block"/>
                    </svg>
                </svg>
            </svg>
        </svg>
        <g text-anchor="middle" font-family="sans-serif" font-size="10" fill="none" transform="translate(70, 100)">
            <path d="M0.5,6V0.5H910.5V6" stroke="white" class="domain"/>
            <g transform="translate(0.5,0)" opacity="1" class="tick">
                <line y2="6" stroke="white"/>
                <text stroke="white" dy="0.71em" y="9" fill="currentColor">
                    00
                </text>
            </g>
            <g transform="translate(38.416666666666664,0)" opacity="1" class="tick">
                <line y2="6" stroke="white"/>
                <text stroke="white" dy="0.71em" y="9" fill="currentColor">
                    01
                </text>
            </g>
            <g transform="translate(76.33333333333333,0)" opacity="1" class="tick">
                <line y2="6" stroke="white"/>
                <text stroke="white" dy="0.71em" y="9" fill="currentColor">
                    02
                </text>
            </g>
            <g transform="translate(114.25,0)" opacity="1" class="tick">
                <line y2="6" stroke="white"/>
                <text stroke="white" dy="0.71em" y="9" fill="currentColor">
                    03
                </text>
            </g>
            <g transform="translate(152.16666666666666,0)" opacity="1" class="tick">
                <line y2="6" stroke="white"/>
                <text stroke="white" dy="0.71em" y="9" fill="currentColor">
                    04
                </text>
            </g>
            <g transform="translate(190.08333333333334,0)" opacity="1" class="tick">
                <line y2="6" stroke="white"/>
                <text stroke="white" dy="0.71em" y="9" fill="currentColor">
                    05
                </text>
            </g>
            <g transform="translate(228,0)" opacity="1" class="tick">
                <line y2="6" stroke="white"/>
                <text stroke="white" dy="0.71em" y="9" fill="currentColor">
                    06
                </text>
            </g>
            <g transform="translate(265.9166666666667,0)" opacity="1" class="tick">
                <line y2="6" stroke="white"/>
                <text stroke="white" dy="0.71em" y="9" fill="currentColor">
                    07
                </text>
            </g>
            <g transform="translate(303.8333333333333,0)" opacity="1" class="tick">
                <line y2="6" stroke="white"/>
                <text stroke="white" dy="0.71em" y="9" fill="currentColor">
                    08
                </text>
            </g>
            <g transform="translate(341.75,0)" opacity="1" class="tick">
                <line y2="6" stroke="white"/>
                <text stroke="white" dy="0.71em" y="9" fill="currentColor">
                    09
                </text>
            </g>
            <g transform="translate(379.6666666666667,0)" opacity="1" class="tick">
                <line y2="6" stroke="white"/>
                <text stroke="white" dy="0.71em" y="9" fill="currentColor">
                    10
                </text>
            </g>
            <g transform="translate(417.5833333333333,0)" opacity="1" class="tick">
                <line y2="6" stroke="white"/>
                <text stroke="white" dy="0.71em" y="9" fill="currentColor">
                    11
                </text>
            </g>
            <g transform="translate(455.5,0)" opacity="1" class="tick">
                <line y2="6" stroke="white"/>
                <text stroke="white" dy="0.71em" y="9" fill="currentColor">
                    12
                </text>
            </g>
            <g transform="translate(493.41666666666663,0)" opacity="1" class="tick">
                <line y2="6" stroke="white"/>
                <text stroke="white" dy="0.71em" y="9" fill="currentColor">
                    13
                </text>
            </g>
            <g transform="translate(531.3333333333334,0)" opacity="1" class="tick">
                <line y2="6" stroke="white"/>
                <text stroke="white" dy="0.71em" y="9" fill="currentColor">
                    14
                </text>
            </g>
            <g transform="translate(569.25,0)" opacity="1" class="tick">
                <line y2="6" stroke="white"/>
                <text stroke="white" dy="0.71em" y="9" fill="currentColor">
                    15
                </text>
            </g>
            <g transform="translate(607.1666666666666,0)" opacity="1" class="tick">
                <line y2="6" stroke="white"/>
                <text stroke="white" dy="0.71em" y="9" fill="currentColor">
                    16
                </text>
            </g>
            <g transform="translate(645.0833333333334,0)" opacity="1" class="tick">
                <line y2="6" stroke="white"/>
                <text stroke="white" dy="0.71em" y="9" fill="currentColor">
                    17
                </text>
            </g>
            <g transform="translate(683,0)" opacity="1" class="tick">
                <line y2="6" stroke="white"/>
                <text stroke="white" dy="0.71em" y="9" fill="currentColor">
                    18
                </text>
            </g>
            <g transform="translate(720.9166666666666,0)" opacity="1" class="tick">
                <line y2="6" stroke="white"/>
                <text stroke="white" dy="0.71em" y="9" fill="currentColor">
                    19
                </text>
            </g>
            <g transform="translate(758.8333333333334,0)" opacity="1" class="tick">
                <line y2="6" stroke="white"/>
                <text stroke="white" dy="0.71em" y="9" fill="currentColor">
                    20
                </text>
            </g>
            <g transform="translate(796.75,0)" opacity="1" class="tick">
                <line y2="6" stroke="white"/>
                <text stroke="white" dy="0.71em" y="9" fill="currentColor">
                    21
                </text>
            </g>
            <g transform="translate(834.6666666666666,0)" opacity="1" class="tick">
                <line y2="6" stroke="white"/>
                <text stroke="white" dy="0.71em" y="9" fill="currentColor">
                    22
                </text>
            </g>
            <g transform="translate(872.5833333333334,0)" opacity="1" class="tick">
                <line y2="6" stroke="white"/>
                <text stroke="white" dy="0.71em" y="9" fill="currentColor">
                    23
                </text>
            </g>
            <g transform="translate(910.5,0)" opacity="1" class="tick">
                <line y2="6" stroke="white"/>
                <text stroke="white" dy="0.71em" y="9" fill="currentColor">
                    00
                </text>
            </g>
        </g>
        <g transform="translate(70, 0)">
            <line stroke-opacity="0.4" stroke="white" y2="100" y1="0" x2="0" x1="0" class="gridline"/>
            <line stroke-opacity="0.1" stroke="white" y2="100" y1="0" x2="37.916666666666664" x1="37.916666666666664" class="gridline"/>
            <line stroke-opacity="0.1" stroke="white" y2="100" y1="0" x2="75.83333333333333" x1="75.83333333333333" class="gridline"/>
            <line stroke-opacity="0.4" stroke="white" y2="100" y1="0" x2="113.75" x1="113.75" class="gridline"/>
            <line stroke-opacity="0.1" stroke="white" y2="100" y1="0" x2="151.66666666666666" x1="151.66666666666666" class="gridline"/>
            <line stroke-opacity="0.1" stroke="white" y2="100" y1="0" x2="189.58333333333334" x1="189.58333333333334" class="gridline"/>
            <line stroke-opacity="0.4" stroke="white" y2="100" y1="0" x2="227.5" x1="227.5" class="gridline"/>
            <line stroke-opacity="0.1" stroke="white" y2="100" y1="0" x2="265.4166666666667" x1="265.4166666666667" class="gridline"/>
            <line stroke-opacity="0.1" stroke="white" y2="100" y1="0" x2="303.3333333333333" x1="303.3333333333333" class="gridline"/>
            <line stroke-opacity="0.4" stroke="white" y2="100" y1="0" x2="341.25" x1="341.25" class="gridline"/>
            <line stroke-opacity="0.1" stroke="white" y2="100" y1="0" x2="379.1666666666667" x1="379.1666666666667" class="gridline"/>
            <line stroke-opacity="0.1" stroke="white" y2="100" y1="0" x2="417.0833333333333" x1="417.0833333333333" class="gridline"/>
            <line stroke-opacity="0.4" stroke="white" y2="100" y1="0" x2="455" x1="455" class="gridline"/>
            <line stroke-opacity="0.1" stroke="white" y2="100" y1="0" x2="492.91666666666663" x1="492.91666666666663" class="gridline"/>
            <line stroke-opacity="0.1" stroke="white" y2="100" y1="0" x2="530.8333333333334" x1="530.8333333333334" class="gridline"/>
            <line stroke-opacity="0.4" stroke="white" y2="100" y1="0" x2="568.75" x1="568.75" class="gridline"/>
            <line stroke-opacity="0.1" stroke="white" y2="100" y1="0" x2="606.6666666666666" x1="606.6666666666666" class="gridline"/>
            <line stroke-opacity="0.1" stroke="white" y2="100" y1="0" x2="644.5833333333334" x1="644.5833333333334" class="gridline"/>
            <line stroke-opacity="0.4" stroke="white" y2="100" y1="0" x2="682.5" x1="682.5" class="gridline"/>
            <line stroke-opacity="0.1" stroke="white" y2="100" y1="0" x2="720.4166666666666" x1="720.4166666666666" class="gridline"/>
            <line stroke-opacity="0.1" stroke="white" y2="100" y1="0" x2="758.3333333333334" x1="758.3333333333334" class="gridline"/>
            <line stroke-opacity="0.4" stroke="white" y2="100" y1="0" x2="796.25" x1="796.25" class="gridline"/>
            <line stroke-opacity="0.1" stroke="white" y2="100" y1="0" x2="834.1666666666666" x1="834.1666666666666" class="gridline"/>
            <line stroke-opacity="0.1" stroke="white" y2="100" y1="0" x2="872.0833333333334" x1="872.0833333333334" class="gridline"/>
            <line stroke-opacity="0.4" stroke="white" y2="100" y1="0" x2="910" x1="910" class="gridline"/>
        </g>
    </svg>
    <use height="20" width="20" y="0" x="0" href="#warning-icon"/>
    <text text-anchor="start" fill="red" dy="0.35em" y="10" x="25">
        sleep
    </text>
</svg>"
`;
