// Jest Snapshot v1, https://goo.gl/fbAQLP

exports[`dayview consistently generates a sample morning svg 1`] = `
"<svg height="119" width="1000">
    <defs>
        <symbol id="warning-icon">
            <!-- Uploaded to: SVG Repo, www.svgrepo.com, Generator: SVG Repo Mixer Tools -->
            <svg xmlns="http://www.w3.org/2000/svg" fill="#ff0000" viewBox="0 0 24 24" id="warning-alt" data-name="Flat Line" class="icon flat-line">
                <path id="secondary" d="M10.25,4.19,2.63,18a2,2,0,0,0,1.75,3H19.62a2,2,0,0,0,1.75-3L13.75,4.19A2,2,0,0,0,10.25,4.19Z" style="fill: #ffff00; stroke-width: 2;"/>
                <line id="primary-upstroke" x1="12.05" y1="17" x2="11.95" y2="17" style="fill: none; stroke: #ff0000; stroke-linecap: round; stroke-linejoin: round; stroke-width: 2.5;"/>
                <path id="primary" d="M12,9v4M10.25,4.19,2.63,18a2,2,0,0,0,1.75,3H19.62a2,2,0,0,0,1.75-3L13.75,4.19A2,2,0,0,0,10.25,4.19Z" style="fill: none; stroke: #ff0000; stroke-linecap: round; stroke-linejoin: round; stroke-width: 2;"/>
            </svg>
        </symbol>
    </defs>
    <rect fill="black" height="100%" width="100%"/>
    <svg height="115" width="996" y="2" x="2" class="plot">
        <g transform="translate(96, 0)">
            <g transform="translate(0, 0)">
                <text font-size="24" text-anchor="end" fill="white" dy="0.35em" y="16.666666666666668" x="-0.5em">
                    Wed
                </text>
                <text font-size="24" text-anchor="end" fill="white" dy="0.35em" y="50" x="-0.5em">
                    Nov 20
                </text>
                <text font-size="24" text-anchor="end" fill="white" dy="0.35em" y="83.33333333333333" x="-0.5em">
                    2024
                </text>
            </g>
        </g>
        <svg x="96" height="100" width="900" class="dataArea">
            <svg y="0" class="day 2024-11-20">
                <svg class="timechunk">
                    <svg height="8" width="900" y="7.20959473773837" x="0" preserveAspectRatio="none" viewBox="0 0 900 8" class="text">
                        <rect fill="#06de5f" height="100%" width="18.750000217013906" y="0" x="325.0000037615741" class="text fiction_book block"/>
                    </svg>
                    <svg height="8" width="900" y="23.72283353842795" x="0" preserveAspectRatio="none" viewBox="0 0 900 8" class="project">
                        <rect fill="#a6d414" height="100%" width="18.750000217013906" y="0" x="325.0000037615741" class="project german block"/>
                    </svg>
                    <svg height="8" width="900" y="45.42104974761605" x="0" preserveAspectRatio="none" viewBox="0 0 900 8" class="stretch">
                        <rect fill="#7e8494" height="100%" width="4.375000050636572" y="0" x="356.2500041232639" class="stretch true block"/>
                        <rect fill="#7e8494" height="100%" width="5.000000057870352" y="0" x="379.3750043909144" class="stretch true block"/>
                    </svg>
                    <svg height="8" width="900" y="53.940528308972716" x="0" preserveAspectRatio="none" viewBox="0 0 900 8" class="pushup">
                        <circle fill="#9453e7" r="3.125000036168982" cy="4" cx="386.25000447048615" class="pushup true point"/>
                    </svg>
                    <svg height="8" width="900" y="60.52794650103897" x="0" preserveAspectRatio="none" viewBox="0 0 900 8" class="run">
                        <rect fill="#a53108" height="100%" width="18.750000217013906" y="0" x="360.6250041739005" class="run true block"/>
                    </svg>
                    <svg height="8" width="900" y="74.89816309325397" x="0" preserveAspectRatio="none" viewBox="0 0 900 8" class="sleep">
                        <rect fill="#c9fab3" height="100%" width="318.7500036892361" y="0" x="0" class="sleep true block"/>
                        <use field="sleep" class="sleep error" height="9.375000108506946" width="9.375000108506946" y="-0.6875000542534728" x="314.06250363498265" href="#warning-icon"/>
                    </svg>
                    <svg height="8" width="900" y="86.29078911989927" x="0" preserveAspectRatio="none" viewBox="0 0 900 8" class="caffeine">
                        <circle fill="#e724f8" r="3.125000036168982" cy="4" cx="412.50000477430564" class="caffeine true point"/>
                    </svg>
                    <svg height="8" width="900" y="87.01698424201459" x="0" preserveAspectRatio="none" viewBox="0 0 900 8" class="environment">
                        <rect fill="#c30163" height="100%" width="28.12500032552083" y="0" x="356.2500041232639" class="environment outside block"/>
                        <rect fill="#106a6c" height="100%" width="6.2500000723379685" y="0" x="384.37500444878475" class="environment home block"/>
                        <rect fill="#c30163" height="100%" width="3.1250000361690127" y="0" x="390.6250045211227" class="environment outside block"/>
                        <rect fill="#106a6c" height="100%" width="506.24999544270827" y="0" x="393.75000455729173" class="environment home block"/>
                    </svg>
                </svg>
            </svg>
        </svg>
        <g text-anchor="middle" font-family="sans-serif" font-size="10" fill="none" transform="translate(96, 100)">
            <path d="M0.5,6V0.5H900.5V6" stroke="white" class="domain"/>
            <g transform="translate(0.5,0)" opacity="1" class="tick">
                <line y2="6" stroke="white"/>
                <text style="font-size:9px" stroke="white" dy="0.71em" y="9" fill="white">
                    00
                </text>
            </g>
            <g transform="translate(38,0)" opacity="1" class="tick">
                <line y2="6" stroke="white"/>
                <text style="font-size:9px" stroke="white" dy="0.71em" y="9" fill="white">
                    01
                </text>
            </g>
            <g transform="translate(75.5,0)" opacity="1" class="tick">
                <line y2="6" stroke="white"/>
                <text style="font-size:9px" stroke="white" dy="0.71em" y="9" fill="white">
                    02
                </text>
            </g>
            <g transform="translate(113,0)" opacity="1" class="tick">
                <line y2="6" stroke="white"/>
                <text style="font-size:9px" stroke="white" dy="0.71em" y="9" fill="white">
                    03
                </text>
            </g>
            <g transform="translate(150.5,0)" opacity="1" class="tick">
                <line y2="6" stroke="white"/>
                <text style="font-size:9px" stroke="white" dy="0.71em" y="9" fill="white">
                    04
                </text>
            </g>
            <g transform="translate(188,0)" opacity="1" class="tick">
                <line y2="6" stroke="white"/>
                <text style="font-size:9px" stroke="white" dy="0.71em" y="9" fill="white">
                    05
                </text>
            </g>
            <g transform="translate(225.5,0)" opacity="1" class="tick">
                <line y2="6" stroke="white"/>
                <text style="font-size:9px" stroke="white" dy="0.71em" y="9" fill="white">
                    06
                </text>
            </g>
            <g transform="translate(263,0)" opacity="1" class="tick">
                <line y2="6" stroke="white"/>
                <text style="font-size:9px" stroke="white" dy="0.71em" y="9" fill="white">
                    07
                </text>
            </g>
            <g transform="translate(300.5,0)" opacity="1" class="tick">
                <line y2="6" stroke="white"/>
                <text style="font-size:9px" stroke="white" dy="0.71em" y="9" fill="white">
                    08
                </text>
            </g>
            <g transform="translate(338,0)" opacity="1" class="tick">
                <line y2="6" stroke="white"/>
                <text style="font-size:9px" stroke="white" dy="0.71em" y="9" fill="white">
                    09
                </text>
            </g>
            <g transform="translate(375.5,0)" opacity="1" class="tick">
                <line y2="6" stroke="white"/>
                <text style="font-size:9px" stroke="white" dy="0.71em" y="9" fill="white">
                    10
                </text>
            </g>
            <g transform="translate(413,0)" opacity="1" class="tick">
                <line y2="6" stroke="white"/>
                <text style="font-size:9px" stroke="white" dy="0.71em" y="9" fill="white">
                    11
                </text>
            </g>
            <g transform="translate(450.5,0)" opacity="1" class="tick">
                <line y2="6" stroke="white"/>
                <text style="font-size:9px" stroke="white" dy="0.71em" y="9" fill="white">
                    12
                </text>
            </g>
            <g transform="translate(487.99999999999994,0)" opacity="1" class="tick">
                <line y2="6" stroke="white"/>
                <text style="font-size:9px" stroke="white" dy="0.71em" y="9" fill="white">
                    13
                </text>
            </g>
            <g transform="translate(525.5,0)" opacity="1" class="tick">
                <line y2="6" stroke="white"/>
                <text style="font-size:9px" stroke="white" dy="0.71em" y="9" fill="white">
                    14
                </text>
            </g>
            <g transform="translate(563,0)" opacity="1" class="tick">
                <line y2="6" stroke="white"/>
                <text style="font-size:9px" stroke="white" dy="0.71em" y="9" fill="white">
                    15
                </text>
            </g>
            <g transform="translate(600.5,0)" opacity="1" class="tick">
                <line y2="6" stroke="white"/>
                <text style="font-size:9px" stroke="white" dy="0.71em" y="9" fill="white">
                    16
                </text>
            </g>
            <g transform="translate(638,0)" opacity="1" class="tick">
                <line y2="6" stroke="white"/>
                <text style="font-size:9px" stroke="white" dy="0.71em" y="9" fill="white">
                    17
                </text>
            </g>
            <g transform="translate(675.5,0)" opacity="1" class="tick">
                <line y2="6" stroke="white"/>
                <text style="font-size:9px" stroke="white" dy="0.71em" y="9" fill="white">
                    18
                </text>
            </g>
            <g transform="translate(713,0)" opacity="1" class="tick">
                <line y2="6" stroke="white"/>
                <text style="font-size:9px" stroke="white" dy="0.71em" y="9" fill="white">
                    19
                </text>
            </g>
            <g transform="translate(750.5,0)" opacity="1" class="tick">
                <line y2="6" stroke="white"/>
                <text style="font-size:9px" stroke="white" dy="0.71em" y="9" fill="white">
                    20
                </text>
            </g>
            <g transform="translate(788,0)" opacity="1" class="tick">
                <line y2="6" stroke="white"/>
                <text style="font-size:9px" stroke="white" dy="0.71em" y="9" fill="white">
                    21
                </text>
            </g>
            <g transform="translate(825.5,0)" opacity="1" class="tick">
                <line y2="6" stroke="white"/>
                <text style="font-size:9px" stroke="white" dy="0.71em" y="9" fill="white">
                    22
                </text>
            </g>
            <g transform="translate(863,0)" opacity="1" class="tick">
                <line y2="6" stroke="white"/>
                <text style="font-size:9px" stroke="white" dy="0.71em" y="9" fill="white">
                    23
                </text>
            </g>
            <g transform="translate(900.5,0)" opacity="1" class="tick">
                <line y2="6" stroke="white"/>
                <text style="font-size:9px" stroke="white" dy="0.71em" y="9" fill="white">
                    00
                </text>
            </g>
        </g>
        <g transform="translate(96, 0)">
            <line stroke-opacity="0.4" stroke="white" y2="100" y1="0" x2="0" x1="0" class="gridline"/>
            <line stroke-opacity="0.1" stroke="white" y2="100" y1="0" x2="37.5" x1="37.5" class="gridline"/>
            <line stroke-opacity="0.1" stroke="white" y2="100" y1="0" x2="75" x1="75" class="gridline"/>
            <line stroke-opacity="0.4" stroke="white" y2="100" y1="0" x2="112.5" x1="112.5" class="gridline"/>
            <line stroke-opacity="0.1" stroke="white" y2="100" y1="0" x2="150" x1="150" class="gridline"/>
            <line stroke-opacity="0.1" stroke="white" y2="100" y1="0" x2="187.5" x1="187.5" class="gridline"/>
            <line stroke-opacity="0.4" stroke="white" y2="100" y1="0" x2="225" x1="225" class="gridline"/>
            <line stroke-opacity="0.1" stroke="white" y2="100" y1="0" x2="262.5" x1="262.5" class="gridline"/>
            <line stroke-opacity="0.1" stroke="white" y2="100" y1="0" x2="300" x1="300" class="gridline"/>
            <line stroke-opacity="0.4" stroke="white" y2="100" y1="0" x2="337.5" x1="337.5" class="gridline"/>
            <line stroke-opacity="0.1" stroke="white" y2="100" y1="0" x2="375" x1="375" class="gridline"/>
            <line stroke-opacity="0.1" stroke="white" y2="100" y1="0" x2="412.5" x1="412.5" class="gridline"/>
            <line stroke-opacity="0.4" stroke="white" y2="100" y1="0" x2="450" x1="450" class="gridline"/>
            <line stroke-opacity="0.1" stroke="white" y2="100" y1="0" x2="487.49999999999994" x1="487.49999999999994" class="gridline"/>
            <line stroke-opacity="0.1" stroke="white" y2="100" y1="0" x2="525" x1="525" class="gridline"/>
            <line stroke-opacity="0.4" stroke="white" y2="100" y1="0" x2="562.5" x1="562.5" class="gridline"/>
            <line stroke-opacity="0.1" stroke="white" y2="100" y1="0" x2="600" x1="600" class="gridline"/>
            <line stroke-opacity="0.1" stroke="white" y2="100" y1="0" x2="637.5" x1="637.5" class="gridline"/>
            <line stroke-opacity="0.4" stroke="white" y2="100" y1="0" x2="675" x1="675" class="gridline"/>
            <line stroke-opacity="0.1" stroke="white" y2="100" y1="0" x2="712.5" x1="712.5" class="gridline"/>
            <line stroke-opacity="0.1" stroke="white" y2="100" y1="0" x2="750" x1="750" class="gridline"/>
            <line stroke-opacity="0.4" stroke="white" y2="100" y1="0" x2="787.5" x1="787.5" class="gridline"/>
            <line stroke-opacity="0.1" stroke="white" y2="100" y1="0" x2="825" x1="825" class="gridline"/>
            <line stroke-opacity="0.1" stroke="white" y2="100" y1="0" x2="862.5" x1="862.5" class="gridline"/>
            <line stroke-opacity="0.4" stroke="white" y2="100" y1="0" x2="900" x1="900" class="gridline"/>
        </g>
    </svg>
    <use height="20" width="20" y="0" x="0" href="#warning-icon"/>
    <text text-anchor="start" fill="red" dy="0.35em" y="10" x="25">
        sleep
    </text>
</svg>"
`;
