// Jest Snapshot v1, https://goo.gl/fbAQLP

exports[`grepCmd finds all the docs that contain the given string 1`] = `
Array [
  Array [
    "[33mEXISTS[39m [90mdoc1[39m",
  ],
  Array [
    "  foo: \\"bar\\"  ",
  ],
  Array [
    "[33mEXISTS[39m [90mdoc3[39m",
  ],
  Array [
    "  data: { foo: \\"bbarr\\" }  ",
  ],
  Array [
    "[33mEXISTS[39m [90mdoc5[39m",
  ],
  Array [
    "  data: { bar: \\"foo\\" }  ",
  ],
  Array [
    "[33mEXISTS[39m [33mbar[39m [90mdoc6[39m",
  ],
  Array [
    "  abc: \\"def\\"  ",
  ],
]
`;
