// Jest Snapshot v1, https://goo.gl/fbAQLP

exports[`grepCmd finds all the docs that contain the given string 1`] = `
[
  [
    "[33mEXISTS[39m [90mdoc1[39m",
  ],
  [
    "  foo: "bar"  ",
  ],
  [
    "[33mEXISTS[39m [90mdoc3[39m",
  ],
  [
    "  data: { foo: "bbarr" }  ",
  ],
  [
    "[33mEXISTS[39m [90mdoc5[39m",
  ],
  [
    "  data: { bar: "foo" }  ",
  ],
  [
    "[33mEXISTS[39m [33mbar[39m [90mdoc6[39m",
  ],
  [
    "  abc: "def"  ",
  ],
]
`;
